// Jest Snapshot v1, https://goo.gl/fbAQLP

exports[`Pruebas en <GifItem/> Debe de hacer match con el snapshot 1`] = `
<div>
  <div
    class="card"
  >
    <img
      alt="socramdem"
      src="https://one-punch.com/socramdev.jpg"
    />
    <p>
      socramdem
    </p>
  </div>
</div>
`;
